$ /home/runner/work/Palworld-Panel-Patches/Palworld-Panel-Patches/projects/uitok-palworld-panel/automation/apply-source-patch.sh /home/runner/work/Palworld-Panel-Patches/Palworld-Panel-Patches/.work/output/work/migration-active /home/runner/work/Palworld-Panel-Patches/Palworld-Panel-Patches/.work/source-track/source/0018-add-player-presence-history.patch
error: patch failed: backend/internal/api/patch_info.go:1
error: backend/internal/api/patch_info.go: patch does not apply
error: patch failed: backend/internal/api/patch_info_test.go:1
error: backend/internal/api/patch_info_test.go: patch does not apply
error: patch failed: frontend/src/pages/Players.tsx:1
error: frontend/src/pages/Players.tsx: patch does not apply
error: patch failed: frontend/src/types/index.ts:1
error: frontend/src/types/index.ts: patch does not apply
错误：已知测试路径必须在补丁中恰好出现一次，实际 0 次。
错误：补丁无法直接应用，且不满足 PalPanel v1.3.0 的精确测试重定位规则。
error: patch failed: backend/internal/api/patch_info.go:1
error: backend/internal/api/patch_info.go: patch does not apply
error: patch failed: backend/internal/api/patch_info_test.go:1
error: backend/internal/api/patch_info_test.go: patch does not apply
error: patch failed: frontend/src/pages/Players.tsx:1
error: frontend/src/pages/Players.tsx: patch does not apply
error: patch failed: frontend/src/types/index.ts:1
error: frontend/src/types/index.ts: patch does not apply
[exit=1]
